Archive member included to satisfy reference by file (symbol)

d:/software/software_stm32cubeide/stm32cubeide_1.5.0/stm32cubeide/plugins/com.st.stm32cube.ide.mcu.externaltools.gnu-tools-for-stm32.7-2018-q2-update.win32_1.5.0.202011040924/tools/bin/../lib/gcc/arm-none-eabi/7.3.1/../../../../arm-none-eabi/lib/thumb/v7-m\libc_nano.a(lib_a-errno.o)
                              Core/Src/syscalls.o (__errno)
d:/software/software_stm32cubeide/stm32cubeide_1.5.0/stm32cubeide/plugins/com.st.stm32cube.ide.mcu.externaltools.gnu-tools-for-stm32.7-2018-q2-update.win32_1.5.0.202011040924/tools/bin/../lib/gcc/arm-none-eabi/7.3.1/../../../../arm-none-eabi/lib/thumb/v7-m\libc_nano.a(lib_a-exit.o)
                              d:/software/software_stm32cubeide/stm32cubeide_1.5.0/stm32cubeide/plugins/com.st.stm32cube.ide.mcu.externaltools.gnu-tools-for-stm32.7-2018-q2-update.win32_1.5.0.202011040924/tools/bin/../lib/gcc/arm-none-eabi/7.3.1/../../../../arm-none-eabi/lib/thumb/v7-m/crt0.o (exit)
d:/software/software_stm32cubeide/stm32cubeide_1.5.0/stm32cubeide/plugins/com.st.stm32cube.ide.mcu.externaltools.gnu-tools-for-stm32.7-2018-q2-update.win32_1.5.0.202011040924/tools/bin/../lib/gcc/arm-none-eabi/7.3.1/../../../../arm-none-eabi/lib/thumb/v7-m\libc_nano.a(lib_a-impure.o)
                              d:/software/software_stm32cubeide/stm32cubeide_1.5.0/stm32cubeide/plugins/com.st.stm32cube.ide.mcu.externaltools.gnu-tools-for-stm32.7-2018-q2-update.win32_1.5.0.202011040924/tools/bin/../lib/gcc/arm-none-eabi/7.3.1/../../../../arm-none-eabi/lib/thumb/v7-m\libc_nano.a(lib_a-exit.o) (_global_impure_ptr)
d:/software/software_stm32cubeide/stm32cubeide_1.5.0/stm32cubeide/plugins/com.st.stm32cube.ide.mcu.externaltools.gnu-tools-for-stm32.7-2018-q2-update.win32_1.5.0.202011040924/tools/bin/../lib/gcc/arm-none-eabi/7.3.1/../../../../arm-none-eabi/lib/thumb/v7-m\libc_nano.a(lib_a-init.o)
                              d:/software/software_stm32cubeide/stm32cubeide_1.5.0/stm32cubeide/plugins/com.st.stm32cube.ide.mcu.externaltools.gnu-tools-for-stm32.7-2018-q2-update.win32_1.5.0.202011040924/tools/bin/../lib/gcc/arm-none-eabi/7.3.1/../../../../arm-none-eabi/lib/thumb/v7-m/crt0.o (__libc_init_array)
d:/software/software_stm32cubeide/stm32cubeide_1.5.0/stm32cubeide/plugins/com.st.stm32cube.ide.mcu.externaltools.gnu-tools-for-stm32.7-2018-q2-update.win32_1.5.0.202011040924/tools/bin/../lib/gcc/arm-none-eabi/7.3.1/../../../../arm-none-eabi/lib/thumb/v7-m\libc_nano.a(lib_a-memset.o)
                              d:/software/software_stm32cubeide/stm32cubeide_1.5.0/stm32cubeide/plugins/com.st.stm32cube.ide.mcu.externaltools.gnu-tools-for-stm32.7-2018-q2-update.win32_1.5.0.202011040924/tools/bin/../lib/gcc/arm-none-eabi/7.3.1/../../../../arm-none-eabi/lib/thumb/v7-m/crt0.o (memset)

Allocating common symbols
Common symbol       size              file

uwTick              0x4               Drivers/STM32F1xx_HAL_Driver/stm32f1xx_hal.o
pFlash              0x20              Drivers/STM32F1xx_HAL_Driver/stm32f1xx_hal_flash.o

Discarded input sections

 .text          0x0000000000000000        0x0 d:/software/software_stm32cubeide/stm32cubeide_1.5.0/stm32cubeide/plugins/com.st.stm32cube.ide.mcu.externaltools.gnu-tools-for-stm32.7-2018-q2-update.win32_1.5.0.202011040924/tools/bin/../lib/gcc/arm-none-eabi/7.3.1/thumb/v7-m/crti.o
 .data          0x0000000000000000        0x0 d:/software/software_stm32cubeide/stm32cubeide_1.5.0/stm32cubeide/plugins/com.st.stm32cube.ide.mcu.externaltools.gnu-tools-for-stm32.7-2018-q2-update.win32_1.5.0.202011040924/tools/bin/../lib/gcc/arm-none-eabi/7.3.1/thumb/v7-m/crti.o
 .bss           0x0000000000000000        0x0 d:/software/software_stm32cubeide/stm32cubeide_1.5.0/stm32cubeide/plugins/com.st.stm32cube.ide.mcu.externaltools.gnu-tools-for-stm32.7-2018-q2-update.win32_1.5.0.202011040924/tools/bin/../lib/gcc/arm-none-eabi/7.3.1/thumb/v7-m/crti.o
 .data          0x0000000000000000        0x4 d:/software/software_stm32cubeide/stm32cubeide_1.5.0/stm32cubeide/plugins/com.st.stm32cube.ide.mcu.externaltools.gnu-tools-for-stm32.7-2018-q2-update.win32_1.5.0.202011040924/tools/bin/../lib/gcc/arm-none-eabi/7.3.1/thumb/v7-m/crtbegin.o
 .text          0x0000000000000000       0x74 d:/software/software_stm32cubeide/stm32cubeide_1.5.0/stm32cubeide/plugins/com.st.stm32cube.ide.mcu.externaltools.gnu-tools-for-stm32.7-2018-q2-update.win32_1.5.0.202011040924/tools/bin/../lib/gcc/arm-none-eabi/7.3.1/../../../../arm-none-eabi/lib/thumb/v7-m/crt0.o
 .data          0x0000000000000000        0x0 d:/software/software_stm32cubeide/stm32cubeide_1.5.0/stm32cubeide/plugins/com.st.stm32cube.ide.mcu.externaltools.gnu-tools-for-stm32.7-2018-q2-update.win32_1.5.0.202011040924/tools/bin/../lib/gcc/arm-none-eabi/7.3.1/../../../../arm-none-eabi/lib/thumb/v7-m/crt0.o
[...]
Memory Configuration

Name             Origin             Length             Attributes
RAM              0x0000000020000000 0x0000000000005000 xrw
FLASH            0x0000000008000000 0x0000000000010000 xr
*default*        0x0000000000000000 0xffffffffffffffff

Linker script and memory map

LOAD d:/software/software_stm32cubeide/stm32cubeide_1.5.0/stm32cubeide/plugins/com.st.stm32cube.ide.mcu.externaltools.gnu-tools-for-stm32.7-2018-q2-update.win32_1.5.0.202011040924/tools/bin/../lib/gcc/arm-none-eabi/7.3.1/thumb/v7-m/crti.o
LOAD d:/software/software_stm32cubeide/stm32cubeide_1.5.0/stm32cubeide/plugins/com.st.stm32cube.ide.mcu.externaltools.gnu-tools-for-stm32.7-2018-q2-update.win32_1.5.0.202011040924/tools/bin/../lib/gcc/arm-none-eabi/7.3.1/thumb/v7-m/crtbegin.o
LOAD d:/software/software_stm32cubeide/stm32cubeide_1.5.0/stm32cubeide/plugins/com.st.stm32cube.ide.mcu.externaltools.gnu-tools-for-stm32.7-2018-q2-update.win32_1.5.0.202011040924/tools/bin/../lib/gcc/arm-none-eabi/7.3.1/../../../../arm-none-eabi/lib/thumb/v7-m/crt0.o
LOAD Core/Src/gpio.o
LOAD Core/Src/main.o
LOAD Core/Src/stm32f1xx_hal_msp.o
LOAD Core/Src/stm32f1xx_it.o
LOAD Core/Src/syscalls.o
LOAD Core/Src/sysmem.o
LOAD Core/Src/system_stm32f1xx.o
LOAD Core/Startup/startup_stm32f103c8tx.o
LOAD Drivers/STM32F1xx_HAL_Driver/stm32f1xx_hal.o
LOAD Drivers/STM32F1xx_HAL_Driver/stm32f1xx_hal_cortex.o
LOAD Drivers/STM32F1xx_HAL_Driver/stm32f1xx_hal_dma.o
LOAD Drivers/STM32F1xx_HAL_Driver/stm32f1xx_hal_exti.o
LOAD Drivers/STM32F1xx_HAL_Driver/stm32f1xx_hal_flash.o
LOAD Drivers/STM32F1xx_HAL_Driver/stm32f1xx_hal_flash_ex.o
LOAD Drivers/STM32F1xx_HAL_Driver/stm32f1xx_hal_gpio.o
LOAD Drivers/STM32F1xx_HAL_Driver/stm32f1xx_hal_gpio_ex.o
LOAD Drivers/STM32F1xx_HAL_Driver/stm32f1xx_hal_pwr.o
LOAD Drivers/STM32F1xx_HAL_Driver/stm32f1xx_hal_rcc.o
LOAD Drivers/STM32F1xx_HAL_Driver/stm32f1xx_hal_rcc_ex.o
LOAD Drivers/STM32F1xx_HAL_Driver/stm32f1xx_hal_tim.o
LOAD Drivers/STM32F1xx_HAL_Driver/stm32f1xx_hal_tim_ex.o
START GROUP
LOAD d:/software/software_stm32cubeide/stm32cubeide_1.5.0/stm32cubeide/plugins/com.st.stm32cube.ide.mcu.externaltools.gnu-tools-for-stm32.7-2018-q2-update.win32_1.5.0.202011040924/tools/bin/../lib/gcc/arm-none-eabi/7.3.1/../../../../arm-none-eabi/lib/thumb/v7-m\libstdc++_nano.a
LOAD d:/software/software_stm32cubeide/stm32cubeide_1.5.0/stm32cubeide/plugins/com.st.stm32cube.ide.mcu.externaltools.gnu-tools-for-stm32.7-2018-q2-update.win32_1.5.0.202011040924/tools/bin/../lib/gcc/arm-none-eabi/7.3.1/../../../../arm-none-eabi/lib/thumb/v7-m\libsupc++_nano.a
END GROUP
LOAD d:/software/software_stm32cubeide/stm32cubeide_1.5.0/stm32cubeide/plugins/com.st.stm32cube.ide.mcu.externaltools.gnu-tools-for-stm32.7-2018-q2-update.win32_1.5.0.202011040924/tools/bin/../lib/gcc/arm-none-eabi/7.3.1/../../../../arm-none-eabi/lib/thumb/v7-m\libstdc++_nano.a
LOAD d:/software/software_stm32cubeide/stm32cubeide_1.5.0/stm32cubeide/plugins/com.st.stm32cube.ide.mcu.externaltools.gnu-tools-for-stm32.7-2018-q2-update.win32_1.5.0.202011040924/tools/bin/../lib/gcc/arm-none-eabi/7.3.1/../../../../arm-none-eabi/lib/thumb/v7-m\libm.a
LOAD d:/software/software_stm32cubeide/stm32cubeide_1.5.0/stm32cubeide/plugins/com.st.stm32cube.ide.mcu.externaltools.gnu-tools-for-stm32.7-2018-q2-update.win32_1.5.0.202011040924/tools/bin/../lib/gcc/arm-none-eabi/7.3.1/../../../../arm-none-eabi/lib/thumb/v7-m\libc_nano.a
START GROUP
LOAD d:/software/software_stm32cubeide/stm32cubeide_1.5.0/stm32cubeide/plugins/com.st.stm32cube.ide.mcu.externaltools.gnu-tools-for-stm32.7-2018-q2-update.win32_1.5.0.202011040924/tools/bin/../lib/gcc/arm-none-eabi/7.3.1/thumb/v7-m\libgcc.a
LOAD d:/software/software_stm32cubeide/stm32cubeide_1.5.0/stm32cubeide/plugins/com.st.stm32cube.ide.mcu.externaltools.gnu-tools-for-stm32.7-2018-q2-update.win32_1.5.0.202011040924/tools/bin/../lib/gcc/arm-none-eabi/7.3.1/../../../../arm-none-eabi/lib/thumb/v7-m\libc_nano.a
END GROUP
START GROUP
LOAD d:/software/software_stm32cubeide/stm32cubeide_1.5.0/stm32cubeide/plugins/com.st.stm32cube.ide.mcu.externaltools.gnu-tools-for-stm32.7-2018-q2-update.win32_1.5.0.202011040924/tools/bin/../lib/gcc/arm-none-eabi/7.3.1/thumb/v7-m\libgcc.a
LOAD d:/software/software_stm32cubeide/stm32cubeide_1.5.0/stm32cubeide/plugins/com.st.stm32cube.ide.mcu.externaltools.gnu-tools-for-stm32.7-2018-q2-update.win32_1.5.0.202011040924/tools/bin/../lib/gcc/arm-none-eabi/7.3.1/../../../../arm-none-eabi/lib/thumb/v7-m\libc_nano.a
LOAD d:/software/software_stm32cubeide/stm32cubeide_1.5.0/stm32cubeide/plugins/com.st.stm32cube.ide.mcu.externaltools.gnu-tools-for-stm32.7-2018-q2-update.win32_1.5.0.202011040924/tools/bin/../lib/gcc/arm-none-eabi/7.3.1/../../../../arm-none-eabi/lib/thumb/v7-m\libnosys.a
END GROUP
START GROUP
LOAD d:/software/software_stm32cubeide/stm32cubeide_1.5.0/stm32cubeide/plugins/com.st.stm32cube.ide.mcu.externaltools.gnu-tools-for-stm32.7-2018-q2-update.win32_1.5.0.202011040924/tools/bin/../lib/gcc/arm-none-eabi/7.3.1/thumb/v7-m\libgcc.a
LOAD d:/software/software_stm32cubeide/stm32cubeide_1.5.0/stm32cubeide/plugins/com.st.stm32cube.ide.mcu.externaltools.gnu-tools-for-stm32.7-2018-q2-update.win32_1.5.0.202011040924/tools/bin/../lib/gcc/arm-none-eabi/7.3.1/../../../../arm-none-eabi/lib/thumb/v7-m\libc_nano.a
LOAD d:/software/software_stm32cubeide/stm32cubeide_1.5.0/stm32cubeide/plugins/com.st.stm32cube.ide.mcu.externaltools.gnu-tools-for-stm32.7-2018-q2-update.win32_1.5.0.202011040924/tools/bin/../lib/gcc/arm-none-eabi/7.3.1/../../../../arm-none-eabi/lib/thumb/v7-m\libnosys.a
END GROUP
LOAD d:/software/software_stm32cubeide/stm32cubeide_1.5.0/stm32cubeide/plugins/com.st.stm32cube.ide.mcu.externaltools.gnu-tools-for-stm32.7-2018-q2-update.win32_1.5.0.202011040924/tools/bin/../lib/gcc/arm-none-eabi/7.3.1/thumb/v7-m/crtend.o
LOAD d:/software/software_stm32cubeide/stm32cubeide_1.5.0/stm32cubeide/plugins/com.st.stm32cube.ide.mcu.externaltools.gnu-tools-for-stm32.7-2018-q2-update.win32_1.5.0.202011040924/tools/bin/../lib/gcc/arm-none-eabi/7.3.1/thumb/v7-m/crtn.o
                0x0000000020005000                _estack = (ORIGIN (RAM) + LENGTH (RAM))
                0x0000000000000200                _Min_Heap_Size = 0x200
                0x0000000000000400                _Min_Stack_Size = 0x400

.isr_vector     0x0000000008000000      0x10c
                0x0000000008000000                . = ALIGN (0x4)
 *(.isr_vector)
 .isr_vector    0x0000000008000000      0x10c Core/Startup/startup_stm32f103c8tx.o
                0x0000000008000000                g_pfnVectors
                0x000000000800010c                . = ALIGN (0x4)

.text           0x000000000800010c      0xff4
                0x000000000800010c                . = ALIGN (0x4)
 *(.text)
 .text          0x000000000800010c       0x40 d:/software/software_stm32cubeide/stm32cubeide_1.5.0/stm32cubeide/plugins/com.st.stm32cube.ide.mcu.externaltools.gnu-tools-for-stm32.7-2018-q2-update.win32_1.5.0.202011040924/tools/bin/../lib/gcc/arm-none-eabi/7.3.1/thumb/v7-m/crtbegin.o
 *(.text*)
 .text.MX_GPIO_Init
                0x000000000800014c       0x64 Core/Src/gpio.o
                0x000000000800014c                MX_GPIO_Init
 .text.main     0x00000000080001b0       0x12 Core/Src/main.o
                0x00000000080001b0                main
 .text.SystemClock_Config
                0x00000000080001c2       0x76 Core/Src/main.o
                0x00000000080001c2                SystemClock_Config
 .text.Error_Handler
                0x0000000008000238        0x8 Core/Src/main.o
                0x0000000008000238                Error_Handler
 .text.HAL_MspInit
                0x0000000008000240       0x64 Core/Src/stm32f1xx_hal_msp.o
                0x0000000008000240                HAL_MspInit
 .text.NMI_Handler
                0x00000000080002a4        0x6 Core/Src/stm32f1xx_it.o
                0x00000000080002a4                NMI_Handler
 .text.HardFault_Handler
                0x00000000080002aa        0x6 Core/Src/stm32f1xx_it.o
                0x00000000080002aa                HardFault_Handler
 .text.MemManage_Handler
                0x00000000080002b0        0x6 Core/Src/stm32f1xx_it.o
                0x00000000080002b0                MemManage_Handler
 .text.BusFault_Handler
                0x00000000080002b6        0x6 Core/Src/stm32f1xx_it.o
                0x00000000080002b6                BusFault_Handler
 .text.UsageFault_Handler
                0x00000000080002bc        0x6 Core/Src/stm32f1xx_it.o
                0x00000000080002bc                UsageFault_Handler
 .text.SVC_Handler
                0x00000000080002c2        0xc Core/Src/stm32f1xx_it.o
                0x00000000080002c2                SVC_Handler
 .text.DebugMon_Handler
                0x00000000080002ce        0xc Core/Src/stm32f1xx_it.o
                0x00000000080002ce                DebugMon_Handler
 .text.PendSV_Handler
                0x00000000080002da        0xc Core/Src/stm32f1xx_it.o
                0x00000000080002da                PendSV_Handler
 .text.SysTick_Handler
                0x00000000080002e6        0xc Core/Src/stm32f1xx_it.o
                0x00000000080002e6                SysTick_Handler
 .text.SystemInit
                0x00000000080002f2        0xc Core/Src/system_stm32f1xx.o
                0x00000000080002f2                SystemInit
 *fill*         0x00000000080002fe        0x2 
 .text.Reset_Handler
                0x0000000008000300       0x48 Core/Startup/startup_stm32f103c8tx.o
                0x0000000008000300                Reset_Handler
 .text.Default_Handler
                0x0000000008000348        0x2 Core/Startup/startup_stm32f103c8tx.o
                0x0000000008000348                RTC_Alarm_IRQHandler
                0x0000000008000348                EXTI2_IRQHandler
                0x0000000008000348                TIM1_CC_IRQHandler
                0x0000000008000348                PVD_IRQHandler
                0x0000000008000348                EXTI3_IRQHandler
                0x0000000008000348                EXTI0_IRQHandler
                0x0000000008000348                I2C2_EV_IRQHandler
                0x0000000008000348                ADC1_2_IRQHandler
                0x0000000008000348                SPI1_IRQHandler
                0x0000000008000348                TAMPER_IRQHandler
                0x0000000008000348                DMA1_Channel4_IRQHandler
                0x0000000008000348                USART3_IRQHandler
                0x0000000008000348                RTC_IRQHandler
                0x0000000008000348                DMA1_Channel7_IRQHandler
                0x0000000008000348                CAN1_RX1_IRQHandler
                0x0000000008000348                TIM4_IRQHandler
                0x0000000008000348                I2C1_EV_IRQHandler
                0x0000000008000348                DMA1_Channel6_IRQHandler
                0x0000000008000348                TIM3_IRQHandler
                0x0000000008000348                RCC_IRQHandler
                0x0000000008000348                TIM1_TRG_COM_IRQHandler
                0x0000000008000348                DMA1_Channel1_IRQHandler
                0x0000000008000348                Default_Handler
                0x0000000008000348                EXTI15_10_IRQHandler
                0x0000000008000348                EXTI9_5_IRQHandler
                0x0000000008000348                SPI2_IRQHandler
                0x0000000008000348                DMA1_Channel5_IRQHandler
                0x0000000008000348                EXTI4_IRQHandler
                0x0000000008000348                USB_LP_CAN1_RX0_IRQHandler
                0x0000000008000348                USB_HP_CAN1_TX_IRQHandler
                0x0000000008000348                DMA1_Channel3_IRQHandler
                0x0000000008000348                TIM1_UP_IRQHandler
                0x0000000008000348                WWDG_IRQHandler
                0x0000000008000348                TIM2_IRQHandler
                0x0000000008000348                TIM1_BRK_IRQHandler
                0x0000000008000348                EXTI1_IRQHandler
                0x0000000008000348                USART2_IRQHandler
                0x0000000008000348                I2C2_ER_IRQHandler
                0x0000000008000348                DMA1_Channel2_IRQHandler
                0x0000000008000348                CAN1_SCE_IRQHandler
                0x0000000008000348                FLASH_IRQHandler
                0x0000000008000348                USART1_IRQHandler
                0x0000000008000348                I2C1_ER_IRQHandler
                0x0000000008000348                USBWakeUp_IRQHandler
 *fill*         0x000000000800034a        0x2 
 .text.HAL_Init
                0x000000000800034c       0x2c Drivers/STM32F1xx_HAL_Driver/stm32f1xx_hal.o
                0x000000000800034c                HAL_Init
 .text.HAL_InitTick
                0x0000000008000378       0x60 Drivers/STM32F1xx_HAL_Driver/stm32f1xx_hal.o
                0x0000000008000378                HAL_InitTick
 .text.HAL_IncTick
                0x00000000080003d8       0x24 Drivers/STM32F1xx_HAL_Driver/stm32f1xx_hal.o
                0x00000000080003d8                HAL_IncTick
 .text.HAL_GetTick
                0x00000000080003fc       0x14 Drivers/STM32F1xx_HAL_Driver/stm32f1xx_hal.o
                0x00000000080003fc                HAL_GetTick
 .text.__NVIC_SetPriorityGrouping
                0x0000000008000410       0x48 Drivers/STM32F1xx_HAL_Driver/stm32f1xx_hal_cortex.o
 .text.__NVIC_GetPriorityGrouping
                0x0000000008000458       0x1c Drivers/STM32F1xx_HAL_Driver/stm32f1xx_hal_cortex.o
 .text.__NVIC_SetPriority
                0x0000000008000474       0x54 Drivers/STM32F1xx_HAL_Driver/stm32f1xx_hal_cortex.o
 .text.NVIC_EncodePriority
                0x00000000080004c8       0x64 Drivers/STM32F1xx_HAL_Driver/stm32f1xx_hal_cortex.o
 .text.SysTick_Config
                0x000000000800052c       0x44 Drivers/STM32F1xx_HAL_Driver/stm32f1xx_hal_cortex.o
 .text.HAL_NVIC_SetPriorityGrouping
                0x0000000008000570       0x16 Drivers/STM32F1xx_HAL_Driver/stm32f1xx_hal_cortex.o
                0x0000000008000570                HAL_NVIC_SetPriorityGrouping
 .text.HAL_NVIC_SetPriority
                0x0000000008000586       0x38 Drivers/STM32F1xx_HAL_Driver/stm32f1xx_hal_cortex.o
                0x0000000008000586                HAL_NVIC_SetPriority
 .text.HAL_SYSTICK_Config
                0x00000000080005be       0x18 Drivers/STM32F1xx_HAL_Driver/stm32f1xx_hal_cortex.o
                0x00000000080005be                HAL_SYSTICK_Config
 *fill*         0x00000000080005d6        0x2 
 .text.HAL_GPIO_Init
                0x00000000080005d8      0x2b4 Drivers/STM32F1xx_HAL_Driver/stm32f1xx_hal_gpio.o
                0x00000000080005d8                HAL_GPIO_Init
 .text.HAL_GPIO_WritePin
                0x000000000800088c       0x30 Drivers/STM32F1xx_HAL_Driver/stm32f1xx_hal_gpio.o
                0x000000000800088c                HAL_GPIO_WritePin
 .text.HAL_RCC_OscConfig
                0x00000000080008bc      0x500 Drivers/STM32F1xx_HAL_Driver/stm32f1xx_hal_rcc.o
                0x00000000080008bc                HAL_RCC_OscConfig
 .text.HAL_RCC_ClockConfig
                0x0000000008000dbc      0x1d4 Drivers/STM32F1xx_HAL_Driver/stm32f1xx_hal_rcc.o
                0x0000000008000dbc                HAL_RCC_ClockConfig
 .text.HAL_RCC_GetSysClockFreq
                0x0000000008000f90       0xc4 Drivers/STM32F1xx_HAL_Driver/stm32f1xx_hal_rcc.o
                0x0000000008000f90                HAL_RCC_GetSysClockFreq
 .text.RCC_Delay
                0x0000000008001054       0x3c Drivers/STM32F1xx_HAL_Driver/stm32f1xx_hal_rcc.o
 .text.__libc_init_array
                0x0000000008001090       0x48 d:/software/software_stm32cubeide/stm32cubeide_1.5.0/stm32cubeide/plugins/com.st.stm32cube.ide.mcu.externaltools.gnu-tools-for-stm32.7-2018-q2-update.win32_1.5.0.202011040924/tools/bin/../lib/gcc/arm-none-eabi/7.3.1/../../../../arm-none-eabi/lib/thumb/v7-m\libc_nano.a(lib_a-init.o)
                0x0000000008001090                __libc_init_array
 .text.memset   0x00000000080010d8       0x10 d:/software/software_stm32cubeide/stm32cubeide_1.5.0/stm32cubeide/plugins/com.st.stm32cube.ide.mcu.externaltools.gnu-tools-for-stm32.7-2018-q2-update.win32_1.5.0.202011040924/tools/bin/../lib/gcc/arm-none-eabi/7.3.1/../../../../arm-none-eabi/lib/thumb/v7-m\libc_nano.a(lib_a-memset.o)
                0x00000000080010d8                memset
 *(.glue_7)
 .glue_7        0x00000000080010e8        0x0 linker stubs
 *(.glue_7t)
 .glue_7t       0x00000000080010e8        0x0 linker stubs
 *(.eh_frame)
 .eh_frame      0x00000000080010e8        0x0 d:/software/software_stm32cubeide/stm32cubeide_1.5.0/stm32cubeide/plugins/com.st.stm32cube.ide.mcu.externaltools.gnu-tools-for-stm32.7-2018-q2-update.win32_1.5.0.202011040924/tools/bin/../lib/gcc/arm-none-eabi/7.3.1/thumb/v7-m/crtbegin.o
 *(.init)
 .init          0x00000000080010e8        0x4 d:/software/software_stm32cubeide/stm32cubeide_1.5.0/stm32cubeide/plugins/com.st.stm32cube.ide.mcu.externaltools.gnu-tools-for-stm32.7-2018-q2-update.win32_1.5.0.202011040924/tools/bin/../lib/gcc/arm-none-eabi/7.3.1/thumb/v7-m/crti.o
                0x00000000080010e8                _init
 .init          0x00000000080010ec        0x8 d:/software/software_stm32cubeide/stm32cubeide_1.5.0/stm32cubeide/plugins/com.st.stm32cube.ide.mcu.externaltools.gnu-tools-for-stm32.7-2018-q2-update.win32_1.5.0.202011040924/tools/bin/../lib/gcc/arm-none-eabi/7.3.1/thumb/v7-m/crtn.o
 *(.fini)
 .fini          0x00000000080010f4        0x4 d:/software/software_stm32cubeide/stm32cubeide_1.5.0/stm32cubeide/plugins/com.st.stm32cube.ide.mcu.externaltools.gnu-tools-for-stm32.7-2018-q2-update.win32_1.5.0.202011040924/tools/bin/../lib/gcc/arm-none-eabi/7.3.1/thumb/v7-m/crti.o
                0x00000000080010f4                _fini
 .fini          0x00000000080010f8        0x8 d:/software/software_stm32cubeide/stm32cubeide_1.5.0/stm32cubeide/plugins/com.st.stm32cube.ide.mcu.externaltools.gnu-tools-for-stm32.7-2018-q2-update.win32_1.5.0.202011040924/tools/bin/../lib/gcc/arm-none-eabi/7.3.1/thumb/v7-m/crtn.o
                0x0000000008001100                . = ALIGN (0x4)
                0x0000000008001100                _etext = .

.vfp11_veneer   0x0000000008001100        0x0
 .vfp11_veneer  0x0000000008001100        0x0 linker stubs

.v4_bx          0x0000000008001100        0x0
 .v4_bx         0x0000000008001100        0x0 linker stubs

.iplt           0x0000000008001100        0x0
 .iplt          0x0000000008001100        0x0 d:/software/software_stm32cubeide/stm32cubeide_1.5.0/stm32cubeide/plugins/com.st.stm32cube.ide.mcu.externaltools.gnu-tools-for-stm32.7-2018-q2-update.win32_1.5.0.202011040924/tools/bin/../lib/gcc/arm-none-eabi/7.3.1/thumb/v7-m/crtbegin.o

.rodata         0x0000000008001100       0x24
                0x0000000008001100                . = ALIGN (0x4)
 *(.rodata)
 .rodata        0x0000000008001100       0x12 Drivers/STM32F1xx_HAL_Driver/stm32f1xx_hal_rcc.o
 *(.rodata*)
 *fill*         0x0000000008001112        0x2 
 .rodata.AHBPrescTable
                0x0000000008001114       0x10 Core/Src/system_stm32f1xx.o
                0x0000000008001114                AHBPrescTable
                0x0000000008001124                . = ALIGN (0x4)

.rel.dyn        0x0000000008001124        0x0
 .rel.iplt      0x0000000008001124        0x0 d:/software/software_stm32cubeide/stm32cubeide_1.5.0/stm32cubeide/plugins/com.st.stm32cube.ide.mcu.externaltools.gnu-tools-for-stm32.7-2018-q2-update.win32_1.5.0.202011040924/tools/bin/../lib/gcc/arm-none-eabi/7.3.1/thumb/v7-m/crtbegin.o

.ARM.extab      0x0000000008001124        0x0
                0x0000000008001124                . = ALIGN (0x4)
 *(.ARM.extab* .gnu.linkonce.armextab.*)
                0x0000000008001124                . = ALIGN (0x4)

.ARM            0x0000000008001124        0x0
                0x0000000008001124                . = ALIGN (0x4)
                0x0000000008001124                __exidx_start = .
 *(.ARM.exidx*)
                0x0000000008001124                __exidx_end = .
                0x0000000008001124                . = ALIGN (0x4)

.preinit_array  0x0000000008001124        0x0
                0x0000000008001124                . = ALIGN (0x4)
                0x0000000008001124                PROVIDE (__preinit_array_start = .)
 *(.preinit_array*)
                0x0000000008001124                PROVIDE (__preinit_array_end = .)
                0x0000000008001124                . = ALIGN (0x4)

.init_array     0x0000000008001124        0x4
                0x0000000008001124                . = ALIGN (0x4)
                0x0000000008001124                PROVIDE (__init_array_start = .)
 *(SORT_BY_NAME(.init_array.*))
 *(.init_array*)
 .init_array    0x0000000008001124        0x4 d:/software/software_stm32cubeide/stm32cubeide_1.5.0/stm32cubeide/plugins/com.st.stm32cube.ide.mcu.externaltools.gnu-tools-for-stm32.7-2018-q2-update.win32_1.5.0.202011040924/tools/bin/../lib/gcc/arm-none-eabi/7.3.1/thumb/v7-m/crtbegin.o
                0x0000000008001128                PROVIDE (__init_array_end = .)
                0x0000000008001128                . = ALIGN (0x4)

.fini_array     0x0000000008001128        0x4
                0x0000000008001128                . = ALIGN (0x4)
                [!provide]                        PROVIDE (__fini_array_start = .)
 *(SORT_BY_NAME(.fini_array.*))
 *(.fini_array*)
 .fini_array    0x0000000008001128        0x4 d:/software/software_stm32cubeide/stm32cubeide_1.5.0/stm32cubeide/plugins/com.st.stm32cube.ide.mcu.externaltools.gnu-tools-for-stm32.7-2018-q2-update.win32_1.5.0.202011040924/tools/bin/../lib/gcc/arm-none-eabi/7.3.1/thumb/v7-m/crtbegin.o
                [!provide]                        PROVIDE (__fini_array_end = .)
                0x000000000800112c                . = ALIGN (0x4)
                0x000000000800112c                _sidata = LOADADDR (.data)

.data           0x0000000020000000        0xc load address 0x000000000800112c
                0x0000000020000000                . = ALIGN (0x4)
                0x0000000020000000                _sdata = .
 *(.data)
 *(.data*)
 .data.SystemCoreClock
                0x0000000020000000        0x4 Core/Src/system_stm32f1xx.o
                0x0000000020000000                SystemCoreClock
 .data.uwTickPrio
                0x0000000020000004        0x4 Drivers/STM32F1xx_HAL_Driver/stm32f1xx_hal.o
                0x0000000020000004                uwTickPrio
 .data.uwTickFreq
                0x0000000020000008        0x1 Drivers/STM32F1xx_HAL_Driver/stm32f1xx_hal.o
                0x0000000020000008                uwTickFreq
 *(.RamFunc)
 *(.RamFunc*)
                0x000000002000000c                . = ALIGN (0x4)
 *fill*         0x0000000020000009        0x3 
                0x000000002000000c                _edata = .

.igot.plt       0x000000002000000c        0x0 load address 0x0000000008001138
 .igot.plt      0x000000002000000c        0x0 d:/software/software_stm32cubeide/stm32cubeide_1.5.0/stm32cubeide/plugins/com.st.stm32cube.ide.mcu.externaltools.gnu-tools-for-stm32.7-2018-q2-update.win32_1.5.0.202011040924/tools/bin/../lib/gcc/arm-none-eabi/7.3.1/thumb/v7-m/crtbegin.o
                0x000000002000000c                . = ALIGN (0x4)

.bss            0x000000002000000c       0x20 load address 0x0000000008001138
                0x000000002000000c                _sbss = .
                0x000000002000000c                __bss_start__ = _sbss
 *(.bss)
 .bss           0x000000002000000c       0x1c d:/software/software_stm32cubeide/stm32cubeide_1.5.0/stm32cubeide/plugins/com.st.stm32cube.ide.mcu.externaltools.gnu-tools-for-stm32.7-2018-q2-update.win32_1.5.0.202011040924/tools/bin/../lib/gcc/arm-none-eabi/7.3.1/thumb/v7-m/crtbegin.o
 *(.bss*)
 *(COMMON)
 COMMON         0x0000000020000028        0x4 Drivers/STM32F1xx_HAL_Driver/stm32f1xx_hal.o
                0x0000000020000028                uwTick
                0x000000002000002c                . = ALIGN (0x4)
                0x000000002000002c                _ebss = .
                0x000000002000002c                __bss_end__ = _ebss

._user_heap_stack
                0x000000002000002c      0x604 load address 0x0000000008001138
                0x0000000020000030                . = ALIGN (0x8)
 *fill*         0x000000002000002c        0x4 
                [!provide]                        PROVIDE (end = .)
                0x0000000020000030                PROVIDE (_end = .)
                0x0000000020000230                . = (. + _Min_Heap_Size)
 *fill*         0x0000000020000030      0x200 
                0x0000000020000630                . = (. + _Min_Stack_Size)
 *fill*         0x0000000020000230      0x400 
                0x0000000020000630                . = ALIGN (0x8)

/DISCARD/
 libc.a(*)
 libm.a(*)
 libgcc.a(*)

.ARM.attributes
                0x0000000000000000       0x29
 *(.ARM.attributes)
 .ARM.attributes
                0x0000000000000000       0x1d d:/software/software_stm32cubeide/stm32cubeide_1.5.0/stm32cubeide/plugins/com.st.stm32cube.ide.mcu.externaltools.gnu-tools-for-stm32.7-2018-q2-update.win32_1.5.0.202011040924/tools/bin/../lib/gcc/arm-none-eabi/7.3.1/thumb/v7-m/crti.o
 .ARM.attributes
                0x000000000000001d       0x2d d:/software/software_stm32cubeide/stm32cubeide_1.5.0/stm32cubeide/plugins/com.st.stm32cube.ide.mcu.externaltools.gnu-tools-for-stm32.7-2018-q2-update.win32_1.5.0.202011040924/tools/bin/../lib/gcc/arm-none-eabi/7.3.1/thumb/v7-m/crtbegin.o
 .ARM.attributes
                0x000000000000004a       0x33 Core/Src/gpio.o
 .ARM.attributes
                0x000000000000007d       0x33 Core/Src/main.o
 .ARM.attributes
                0x00000000000000b0       0x33 Core/Src/stm32f1xx_hal_msp.o
 .ARM.attributes
                0x00000000000000e3       0x33 Core/Src/stm32f1xx_it.o
 .ARM.attributes
                0x0000000000000116       0x33 Core/Src/system_stm32f1xx.o
 .ARM.attributes
                0x0000000000000149       0x21 Core/Startup/startup_stm32f103c8tx.o
 .ARM.attributes
                0x000000000000016a       0x33 Drivers/STM32F1xx_HAL_Driver/stm32f1xx_hal.o
 .ARM.attributes
                0x000000000000019d       0x33 Drivers/STM32F1xx_HAL_Driver/stm32f1xx_hal_cortex.o
 .ARM.attributes
                0x00000000000001d0       0x33 Drivers/STM32F1xx_HAL_Driver/stm32f1xx_hal_gpio.o
 .ARM.attributes
                0x0000000000000203       0x33 Drivers/STM32F1xx_HAL_Driver/stm32f1xx_hal_rcc.o
 .ARM.attributes
                0x0000000000000236       0x2d d:/software/software_stm32cubeide/stm32cubeide_1.5.0/stm32cubeide/plugins/com.st.stm32cube.ide.mcu.externaltools.gnu-tools-for-stm32.7-2018-q2-update.win32_1.5.0.202011040924/tools/bin/../lib/gcc/arm-none-eabi/7.3.1/../../../../arm-none-eabi/lib/thumb/v7-m\libc_nano.a(lib_a-init.o)
 .ARM.attributes
                0x0000000000000263       0x2d d:/software/software_stm32cubeide/stm32cubeide_1.5.0/stm32cubeide/plugins/com.st.stm32cube.ide.mcu.externaltools.gnu-tools-for-stm32.7-2018-q2-update.win32_1.5.0.202011040924/tools/bin/../lib/gcc/arm-none-eabi/7.3.1/../../../../arm-none-eabi/lib/thumb/v7-m\libc_nano.a(lib_a-memset.o)
 .ARM.attributes
                0x0000000000000290       0x1d d:/software/software_stm32cubeide/stm32cubeide_1.5.0/stm32cubeide/plugins/com.st.stm32cube.ide.mcu.externaltools.gnu-tools-for-stm32.7-2018-q2-update.win32_1.5.0.202011040924/tools/bin/../lib/gcc/arm-none-eabi/7.3.1/thumb/v7-m/crtn.o
OUTPUT(Project_F_CommonLib.elf elf32-littlearm)

.debug_info     0x0000000000000000     0x2eda
 .debug_info    0x0000000000000000      0x325 Core/Src/gpio.o
 .debug_info    0x0000000000000325      0x30a Core/Src/main.o
 .debug_info    0x000000000000062f      0x2d6 Core/Src/stm32f1xx_hal_msp.o
 .debug_info    0x0000000000000905      0x20a Core/Src/stm32f1xx_it.o
 .debug_info    0x0000000000000b0f      0x29a Core/Src/system_stm32f1xx.o
 .debug_info    0x0000000000000da9       0x22 Core/Startup/startup_stm32f103c8tx.o
 .debug_info    0x0000000000000dcb      0x714 Drivers/STM32F1xx_HAL_Driver/stm32f1xx_hal.o
 .debug_info    0x00000000000014df      0xb51 Drivers/STM32F1xx_HAL_Driver/stm32f1xx_hal_cortex.o
 .debug_info    0x0000000000002030      0x69b Drivers/STM32F1xx_HAL_Driver/stm32f1xx_hal_gpio.o
 .debug_info    0x00000000000026cb      0x80f Drivers/STM32F1xx_HAL_Driver/stm32f1xx_hal_rcc.o

.debug_abbrev   0x0000000000000000      0xe26
 .debug_abbrev  0x0000000000000000      0x129 Core/Src/gpio.o
 .debug_abbrev  0x0000000000000129      0x149 Core/Src/main.o
 .debug_abbrev  0x0000000000000272      0x109 Core/Src/stm32f1xx_hal_msp.o
 .debug_abbrev  0x000000000000037b       0xc6 Core/Src/stm32f1xx_it.o
 .debug_abbrev  0x0000000000000441      0x134 Core/Src/system_stm32f1xx.o
 .debug_abbrev  0x0000000000000575       0x12 Core/Startup/startup_stm32f103c8tx.o
 .debug_abbrev  0x0000000000000587      0x1c7 Drivers/STM32F1xx_HAL_Driver/stm32f1xx_hal.o
 .debug_abbrev  0x000000000000074e      0x2d5 Drivers/STM32F1xx_HAL_Driver/stm32f1xx_hal_cortex.o
 .debug_abbrev  0x0000000000000a23      0x1c0 Drivers/STM32F1xx_HAL_Driver/stm32f1xx_hal_gpio.o
 .debug_abbrev  0x0000000000000be3      0x243 Drivers/STM32F1xx_HAL_Driver/stm32f1xx_hal_rcc.o

.debug_aranges  0x0000000000000000      0x3e8
 .debug_aranges
                0x0000000000000000       0x20 Core/Src/gpio.o
 .debug_aranges
                0x0000000000000020       0x30 Core/Src/main.o
 .debug_aranges
                0x0000000000000050       0x20 Core/Src/stm32f1xx_hal_msp.o
 .debug_aranges
                0x0000000000000070       0x60 Core/Src/stm32f1xx_it.o
 .debug_aranges
                0x00000000000000d0       0x28 Core/Src/system_stm32f1xx.o
 .debug_aranges
                0x00000000000000f8       0x28 Core/Startup/startup_stm32f103c8tx.o
 .debug_aranges
                0x0000000000000120       0xe0 Drivers/STM32F1xx_HAL_Driver/stm32f1xx_hal.o
 .debug_aranges
                0x0000000000000200      0x100 Drivers/STM32F1xx_HAL_Driver/stm32f1xx_hal_cortex.o
 .debug_aranges
                0x0000000000000300       0x58 Drivers/STM32F1xx_HAL_Driver/stm32f1xx_hal_gpio.o
 .debug_aranges
                0x0000000000000358       0x90 Drivers/STM32F1xx_HAL_Driver/stm32f1xx_hal_rcc.o

.debug_ranges   0x0000000000000000      0x350
 .debug_ranges  0x0000000000000000       0x10 Core/Src/gpio.o
 .debug_ranges  0x0000000000000010       0x20 Core/Src/main.o
 .debug_ranges  0x0000000000000030       0x10 Core/Src/stm32f1xx_hal_msp.o
 .debug_ranges  0x0000000000000040       0x50 Core/Src/stm32f1xx_it.o
 .debug_ranges  0x0000000000000090       0x18 Core/Src/system_stm32f1xx.o
 .debug_ranges  0x00000000000000a8       0x20 Core/Startup/startup_stm32f103c8tx.o
 .debug_ranges  0x00000000000000c8       0xd0 Drivers/STM32F1xx_HAL_Driver/stm32f1xx_hal.o
 .debug_ranges  0x0000000000000198       0xf0 Drivers/STM32F1xx_HAL_Driver/stm32f1xx_hal_cortex.o
 .debug_ranges  0x0000000000000288       0x48 Drivers/STM32F1xx_HAL_Driver/stm32f1xx_hal_gpio.o
 .debug_ranges  0x00000000000002d0       0x80 Drivers/STM32F1xx_HAL_Driver/stm32f1xx_hal_rcc.o

.debug_macro    0x0000000000000000    0x15a20
 .debug_macro   0x0000000000000000      0x19d Core/Src/gpio.o
 .debug_macro   0x000000000000019d      0xa5a Core/Src/gpio.o
 .debug_macro   0x0000000000000bf7      0x20f Core/Src/gpio.o
 .debug_macro   0x0000000000000e06       0x2e Core/Src/gpio.o
 .debug_macro   0x0000000000000e34       0x22 Core/Src/gpio.o
 .debug_macro   0x0000000000000e56       0x22 Core/Src/gpio.o
 .debug_macro   0x0000000000000e78       0x8e Core/Src/gpio.o
 .debug_macro   0x0000000000000f06       0x51 Core/Src/gpio.o
 .debug_macro   0x0000000000000f57       0xef Core/Src/gpio.o
 .debug_macro   0x0000000000001046       0x6a Core/Src/gpio.o
 .debug_macro   0x00000000000010b0      0x1df Core/Src/gpio.o
 .debug_macro   0x000000000000128f       0x1c Core/Src/gpio.o
 .debug_macro   0x00000000000012ab       0x22 Core/Src/gpio.o
 .debug_macro   0x00000000000012cd       0xc3 Core/Src/gpio.o
 .debug_macro   0x0000000000001390      0xd23 Core/Src/gpio.o
 .debug_macro   0x00000000000020b3     0xe097 Core/Src/gpio.o
 .debug_macro   0x000000000001014a       0x43 Core/Src/gpio.o
 .debug_macro   0x000000000001018d     0x3468 Core/Src/gpio.o
 .debug_macro   0x00000000000135f5      0x174 Core/Src/gpio.o
 .debug_macro   0x0000000000013769       0x5c Core/Src/gpio.o
 .debug_macro   0x00000000000137c5      0x5be Core/Src/gpio.o
 .debug_macro   0x0000000000013d83      0x289 Core/Src/gpio.o
 .debug_macro   0x000000000001400c      0x1cb Core/Src/gpio.o
 .debug_macro   0x00000000000141d7      0x114 Core/Src/gpio.o
 .debug_macro   0x00000000000142eb      0x1b2 Core/Src/gpio.o
 .debug_macro   0x000000000001449d       0x27 Core/Src/gpio.o
 .debug_macro   0x00000000000144c4      0x136 Core/Src/gpio.o
 .debug_macro   0x00000000000145fa      0x1bc Core/Src/gpio.o
 .debug_macro   0x00000000000147b6       0x34 Core/Src/gpio.o
 .debug_macro   0x00000000000147ea       0x3c Core/Src/gpio.o
 .debug_macro   0x0000000000014826       0x57 Core/Src/gpio.o
 .debug_macro   0x000000000001487d       0x88 Core/Src/gpio.o
 .debug_macro   0x0000000000014905      0x241 Core/Src/gpio.o
 .debug_macro   0x0000000000014b46      0x141 Core/Src/gpio.o
 .debug_macro   0x0000000000014c87       0x83 Core/Src/gpio.o
 .debug_macro   0x0000000000014d0a       0x10 Core/Src/gpio.o
 .debug_macro   0x0000000000014d1a      0x1a1 Core/Src/main.o
 .debug_macro   0x0000000000014ebb      0x193 Core/Src/stm32f1xx_hal_msp.o
 .debug_macro   0x000000000001504e      0x19d Core/Src/stm32f1xx_it.o
 .debug_macro   0x00000000000151eb      0x184 Core/Src/system_stm32f1xx.o
 .debug_macro   0x000000000001536f      0x1a8 Drivers/STM32F1xx_HAL_Driver/stm32f1xx_hal.o
 .debug_macro   0x0000000000015517      0x184 Drivers/STM32F1xx_HAL_Driver/stm32f1xx_hal_cortex.o
 .debug_macro   0x000000000001569b      0x1ef Drivers/STM32F1xx_HAL_Driver/stm32f1xx_hal_gpio.o
 .debug_macro   0x000000000001588a      0x196 Drivers/STM32F1xx_HAL_Driver/stm32f1xx_hal_rcc.o

.debug_line     0x0000000000000000     0x5a82
 .debug_line    0x0000000000000000      0x8cc Core/Src/gpio.o
 .debug_line    0x00000000000008cc      0x908 Core/Src/main.o
 .debug_line    0x00000000000011d4      0x8cb Core/Src/stm32f1xx_hal_msp.o
 .debug_line    0x0000000000001a9f      0x972 Core/Src/stm32f1xx_it.o
 .debug_line    0x0000000000002411      0x8f2 Core/Src/system_stm32f1xx.o
 .debug_line    0x0000000000002d03       0x84 Core/Startup/startup_stm32f103c8tx.o
 .debug_line    0x0000000000002d87      0xada Drivers/STM32F1xx_HAL_Driver/stm32f1xx_hal.o
 .debug_line    0x0000000000003861      0xbb1 Drivers/STM32F1xx_HAL_Driver/stm32f1xx_hal_cortex.o
 .debug_line    0x0000000000004412      0xad6 Drivers/STM32F1xx_HAL_Driver/stm32f1xx_hal_gpio.o
 .debug_line    0x0000000000004ee8      0xb9a Drivers/STM32F1xx_HAL_Driver/stm32f1xx_hal_rcc.o

.debug_str      0x0000000000000000    0x7b623
 .debug_str     0x0000000000000000    0x7a458 Core/Src/gpio.o
                                      0x7a794 (size before relaxing)
 .debug_str     0x000000000007a458      0x17d Core/Src/main.o
                                      0x7a833 (size before relaxing)
 .debug_str     0x000000000007a5d5       0x5a Core/Src/stm32f1xx_hal_msp.o
                                      0x7a74a (size before relaxing)
 .debug_str     0x000000000007a62f       0xbd Core/Src/stm32f1xx_it.o
                                      0x7a767 (size before relaxing)
 .debug_str     0x000000000007a6ec       0x52 Core/Src/system_stm32f1xx.o
                                      0x7a710 (size before relaxing)
 .debug_str     0x000000000007a73e       0x36 Core/Startup/startup_stm32f103c8tx.o
                                         0x77 (size before relaxing)
 .debug_str     0x000000000007a774      0x59d Drivers/STM32F1xx_HAL_Driver/stm32f1xx_hal.o
                                      0x7add6 (size before relaxing)
 .debug_str     0x000000000007ad11      0x335 Drivers/STM32F1xx_HAL_Driver/stm32f1xx_hal_cortex.o
                                      0x7adde (size before relaxing)
 .debug_str     0x000000000007b046      0x359 Drivers/STM32F1xx_HAL_Driver/stm32f1xx_hal_gpio.o
                                      0x7ab09 (size before relaxing)
 .debug_str     0x000000000007b39f      0x284 Drivers/STM32F1xx_HAL_Driver/stm32f1xx_hal_rcc.o
                                      0x7ab42 (size before relaxing)

.comment        0x0000000000000000       0x7b
 .comment       0x0000000000000000       0x7b Core/Src/gpio.o
                                         0x7c (size before relaxing)
 .comment       0x000000000000007b       0x7c Core/Src/main.o
 .comment       0x000000000000007b       0x7c Core/Src/stm32f1xx_hal_msp.o
 .comment       0x000000000000007b       0x7c Core/Src/stm32f1xx_it.o
 .comment       0x000000000000007b       0x7c Core/Src/system_stm32f1xx.o
 .comment       0x000000000000007b       0x7c Drivers/STM32F1xx_HAL_Driver/stm32f1xx_hal.o
 .comment       0x000000000000007b       0x7c Drivers/STM32F1xx_HAL_Driver/stm32f1xx_hal_cortex.o
 .comment       0x000000000000007b       0x7c Drivers/STM32F1xx_HAL_Driver/stm32f1xx_hal_gpio.o
 .comment       0x000000000000007b       0x7c Drivers/STM32F1xx_HAL_Driver/stm32f1xx_hal_rcc.o

.debug_frame    0x0000000000000000      0xd40
 .debug_frame   0x0000000000000000       0x34 Core/Src/gpio.o
 .debug_frame   0x0000000000000034       0x68 Core/Src/main.o
 .debug_frame   0x000000000000009c       0x38 Core/Src/stm32f1xx_hal_msp.o
 .debug_frame   0x00000000000000d4      0x104 Core/Src/stm32f1xx_it.o
 .debug_frame   0x00000000000001d8       0x58 Core/Src/system_stm32f1xx.o
 .debug_frame   0x0000000000000230      0x334 Drivers/STM32F1xx_HAL_Driver/stm32f1xx_hal.o
 .debug_frame   0x0000000000000564      0x428 Drivers/STM32F1xx_HAL_Driver/stm32f1xx_hal_cortex.o
 .debug_frame   0x000000000000098c      0x14c Drivers/STM32F1xx_HAL_Driver/stm32f1xx_hal_gpio.o
 .debug_frame   0x0000000000000ad8      0x21c Drivers/STM32F1xx_HAL_Driver/stm32f1xx_hal_rcc.o
 .debug_frame   0x0000000000000cf4       0x2c d:/software/software_stm32cubeide/stm32cubeide_1.5.0/stm32cubeide/plugins/com.st.stm32cube.ide.mcu.externaltools.gnu-tools-for-stm32.7-2018-q2-update.win32_1.5.0.202011040924/tools/bin/../lib/gcc/arm-none-eabi/7.3.1/../../../../arm-none-eabi/lib/thumb/v7-m\libc_nano.a(lib_a-init.o)
 .debug_frame   0x0000000000000d20       0x20 d:/software/software_stm32cubeide/stm32cubeide_1.5.0/stm32cubeide/plugins/com.st.stm32cube.ide.mcu.externaltools.gnu-tools-for-stm32.7-2018-q2-update.win32_1.5.0.202011040924/tools/bin/../lib/gcc/arm-none-eabi/7.3.1/../../../../arm-none-eabi/lib/thumb/v7-m\libc_nano.a(lib_a-memset.o)
